<html>
<body>
<pre>
<h1>礦ision Build Log</h1>
<h2>Project:</h2>
F:\硬件渗透攻防\嵌入式\开发板\qrcode\0511\barcode\project.uvproj
Project File Date:  05/12/2016

<h2>Output:</h2>
Build target 'project'
compiling main.c...
Users\main.c(47): warning:  #223-D: function "GUI_ShowPicture" declared implicitly
Users\main.c(68): warning:  #167-D: argument of type "unsigned char *" is incompatible with parameter of type "const char *"
linking...
Program Size: Code=14354 RO-data=119490 RW-data=8180 ZI-data=54564  
FromELF: creating hex file...
".\Obj\project.axf" - 0 Errors, 2 Warning(s).
Load "F:\\硬件渗透攻防\\嵌入式\\开发板\\qrcode\\0511\\barcode\\Obj\\project.axf" 
Erase Done.
Programming Done.
Verify OK.
Build target 'project'
compiling main.c...
Users\main.c(47): warning:  #223-D: function "GUI_ShowPicture" declared implicitly
Users\main.c(68): warning:  #167-D: argument of type "unsigned char *" is incompatible with parameter of type "const char *"
linking...
Program Size: Code=14362 RO-data=119490 RW-data=8180 ZI-data=54564  
FromELF: creating hex file...
".\Obj\project.axf" - 0 Errors, 2 Warning(s).
Load "F:\\硬件渗透攻防\\嵌入式\\开发板\\qrcode\\0511\\barcode\\Obj\\project.axf" 
Erase Done.
Programming Done.
Verify OK.
Build target 'project'
compiling main.c...
Users\main.c(47): warning:  #223-D: function "GUI_ShowPicture" declared implicitly
Users\main.c(68): warning:  #167-D: argument of type "unsigned char *" is incompatible with parameter of type "const char *"
linking...
Program Size: Code=14354 RO-data=119490 RW-data=8180 ZI-data=54564  
FromELF: creating hex file...
".\Obj\project.axf" - 0 Errors, 2 Warning(s).
Load "F:\\硬件渗透攻防\\嵌入式\\开发板\\qrcode\\0511\\barcode\\Obj\\project.axf" 
Erase Done.
Programming Done.
Verify OK.
Build target 'project'
compiling main.c...
Users\main.c(47): warning:  #223-D: function "GUI_ShowPicture" declared implicitly
Users\main.c(68): warning:  #167-D: argument of type "unsigned char *" is incompatible with parameter of type "const char *"
linking...
Program Size: Code=14354 RO-data=119490 RW-data=8180 ZI-data=54564  
FromELF: creating hex file...
".\Obj\project.axf" - 0 Errors, 2 Warning(s).
Build target 'project'
linking...
Program Size: Code=14354 RO-data=119490 RW-data=8180 ZI-data=54564  
FromELF: creating hex file...
".\Obj\project.axf" - 0 Errors, 0 Warning(s).
Load "F:\\硬件渗透攻防\\嵌入式\\开发板\\qrcode\\0511\\barcode\\Obj\\project.axf" 
Erase Done.
Programming Done.
Verify OK.
Build target 'project'
compiling main.c...
Users\main.c(47): warning:  #223-D: function "GUI_ShowPicture" declared implicitly
Users\main.c(68): warning:  #167-D: argument of type "unsigned char *" is incompatible with parameter of type "const char *"
linking...
Program Size: Code=14362 RO-data=119490 RW-data=8180 ZI-data=54564  
FromELF: creating hex file...
".\Obj\project.axf" - 0 Errors, 2 Warning(s).
Load "F:\\硬件渗透攻防\\嵌入式\\开发板\\qrcode\\0511\\barcode\\Obj\\project.axf" 
Erase Done.
Programming Done.
Verify OK.
Build target 'project'
compiling main.c...
Users\main.c(47): warning:  #223-D: function "GUI_ShowPicture" declared implicitly
Users\main.c(68): warning:  #167-D: argument of type "unsigned char *" is incompatible with parameter of type "const char *"
linking...
Program Size: Code=14362 RO-data=119490 RW-data=8180 ZI-data=54564  
FromELF: creating hex file...
".\Obj\project.axf" - 0 Errors, 2 Warning(s).
Build target 'project'
compiling main.c...
Users\main.c(47): warning:  #223-D: function "GUI_ShowPicture" declared implicitly
Users\main.c(68): warning:  #167-D: argument of type "unsigned char *" is incompatible with parameter of type "const char *"
linking...
Program Size: Code=14362 RO-data=119490 RW-data=8180 ZI-data=54564  
FromELF: creating hex file...
".\Obj\project.axf" - 0 Errors, 2 Warning(s).
Load "F:\\硬件渗透攻防\\嵌入式\\开发板\\qrcode\\0511\\barcode\\Obj\\project.axf" 
Erase Done.
Programming Done.
Verify OK.
Build target 'project'
compiling main.c...
Users\main.c(47): warning:  #223-D: function "GUI_ShowPicture" declared implicitly
Users\main.c(68): warning:  #167-D: argument of type "unsigned char *" is incompatible with parameter of type "const char *"
linking...
Program Size: Code=14362 RO-data=119490 RW-data=8180 ZI-data=54564  
FromELF: creating hex file...
".\Obj\project.axf" - 0 Errors, 2 Warning(s).
Load "F:\\硬件渗透攻防\\嵌入式\\开发板\\qrcode\\0511\\barcode\\Obj\\project.axf" 
Erase Done.
Programming Done.
Verify OK.
Build target 'project'
compiling qr_encode.c...
compiling main.c...
Users\main.c(48): warning:  #223-D: function "GUI_ShowPicture" declared implicitly
Users\main.c(70): warning:  #167-D: argument of type "unsigned char *" is incompatible with parameter of type "const char *"
linking...
Program Size: Code=14402 RO-data=119490 RW-data=8624 ZI-data=54560  
FromELF: creating hex file...
".\Obj\project.axf" - 0 Errors, 2 Warning(s).
Load "F:\\硬件渗透攻防\\嵌入式\\开发板\\qrcode\\0511\\barcode\\Obj\\project.axf" 
Erase Done.
Programming Done.
Verify OK.
Build target 'project'
compiling main.c...
Users\main.c(48): warning:  #223-D: function "GUI_ShowPicture" declared implicitly
Users\main.c(70): warning:  #167-D: argument of type "unsigned char *" is incompatible with parameter of type "const char *"
linking...
Program Size: Code=14410 RO-data=119490 RW-data=8624 ZI-data=54560  
FromELF: creating hex file...
".\Obj\project.axf" - 0 Errors, 2 Warning(s).
Load "F:\\硬件渗透攻防\\嵌入式\\开发板\\qrcode\\0511\\barcode\\Obj\\project.axf" 
Erase Done.
Programming Done.
Verify OK.
Build target 'project'
compiling gui.c...
app\gui\picture.h(1): warning:  #1-D: last line of file ends without a newline
app\gui\gui.c(44): warning:  #177-D: variable "mult_count" was declared but never referenced
app\gui\gui.c(45): warning:  #550-D: variable "tmpx" was set but never used
linking...
Program Size: Code=14410 RO-data=119490 RW-data=8624 ZI-data=54560  
FromELF: creating hex file...
".\Obj\project.axf" - 0 Errors, 3 Warning(s).
Load "F:\\硬件渗透攻防\\嵌入式\\开发板\\qrcode\\0511\\barcode\\Obj\\project.axf" 
Erase Done.
Programming Done.
Verify OK.
Build target 'project'
compiling gui.c...
app\gui\picture.h(1): warning:  #1-D: last line of file ends without a newline
app\gui\gui.c(44): warning:  #177-D: variable "mult_count" was declared but never referenced
app\gui\gui.c(45): warning:  #550-D: variable "tmpx" was set but never used
linking...
Program Size: Code=14410 RO-data=119490 RW-data=8624 ZI-data=54560  
FromELF: creating hex file...
".\Obj\project.axf" - 0 Errors, 3 Warning(s).
Load "F:\\硬件渗透攻防\\嵌入式\\开发板\\qrcode\\0511\\barcode\\Obj\\project.axf" 
Erase Done.
Programming Done.
Verify OK.
Build target 'project'
compiling main.c...
Users\main.c(48): warning:  #223-D: function "GUI_ShowPicture" declared implicitly
Users\main.c(70): warning:  #167-D: argument of type "unsigned char *" is incompatible with parameter of type "const char *"
linking...
Program Size: Code=14410 RO-data=119490 RW-data=8624 ZI-data=54560  
FromELF: creating hex file...
".\Obj\project.axf" - 0 Errors, 2 Warning(s).
Load "F:\\硬件渗透攻防\\嵌入式\\开发板\\qrcode\\0511\\barcode\\Obj\\project.axf" 
Erase Done.
Programming Done.
Verify OK.
Build target 'project'
compiling main.c...
Users\main.c(48): warning:  #223-D: function "GUI_ShowPicture" declared implicitly
Users\main.c(70): warning:  #167-D: argument of type "unsigned char *" is incompatible with parameter of type "const char *"
linking...
Program Size: Code=14410 RO-data=119490 RW-data=8624 ZI-data=54560  
FromELF: creating hex file...
".\Obj\project.axf" - 0 Errors, 2 Warning(s).
Load "F:\\硬件渗透攻防\\嵌入式\\开发板\\qrcode\\0511\\barcode\\Obj\\project.axf" 
Erase Done.
Programming Done.
Verify OK.
