<html>
<body>
<pre>
<h1>礦ision Build Log</h1>
<h2>Tool Versions:</h2>
IDE-Version: μVision V5.15
Copyright (C) 2015 ARM Ltd and ARM Germany GmbH. All rights reserved.
License Information: watwang Microsoft, Microsoft, LIC=3UUGK-ZM6ZD-SE8H0-BKTFC-H9EMG-FYG7G
 
Tool Versions:
Toolchain:       MDK-ARM Professional  Version: 5.15.0
Toolchain Path:  C:\Keil_v5\ARM\ARMCC\Bin
C Compiler:      Armcc.exe V5.05 update 2 (build 169)
Assembler:       Armasm.exe V5.05 update 2 (build 169)
Linker/Locator:  ArmLink.exe V5.05 update 2 (build 169)
Library Manager: ArmAr.exe V5.05 update 2 (build 169)
Hex Converter:   FromElf.exe V5.05 update 2 (build 169)
CPU DLL:         SARMCM3.DLL V5.15.0
Dialog DLL:      DARMSTM.DLL V1.65.0.0
Target DLL:      UL2CM3.DLL V1.155.8.0
Dialog DLL:      TARMSTM.DLL V1.64.0.0
 
<h2>Project:</h2>
F:\硬件渗透攻防\嵌入式\开发板\qrcode\0511\barcode\project.uvprojx
Project File Date:  12/23/2016

<h2>Output:</h2>
*** Using Compiler 'V5.05 update 2 (build 169)', folder: 'C:\Keil_v5\ARM\ARMCC\Bin'
Build target 'project'
compiling system_stm32f10x.c...
compiling core_cm3.c...
compiling misc.c...
compiling stm32f10x_gpio.c...
compiling stm32f10x_rcc.c...
compiling stm32f10x_flash.c...
compiling stm32f10x_fsmc.c...
assembling startup_stm32f10x_hd.s...
compiling gui.c...
app\gui\picture.h(1): warning:  #1-D: last line of file ends without a newline
  const unsigned char gImage_c[115200] = {0};
app\gui\gui.c(44): warning:  #177-D: variable "mult_count" was declared but never referenced
      uint8_t i,j,k,l,mult_base,mult_count= 0;
app\gui\gui.c(45): warning:  #550-D: variable "tmpx" was set but never used
      uint8_t tmpx,tmpy,tmp_mult_y,tmp_mult_x = 0;
app\gui\gui.c: 3 warnings, 0 errors
compiling lcd_driver.c...
compiling led.c...
compiling qr_encode.c...
compiling main.c...
Users\main.c(48): warning:  #223-D: function "GUI_ShowPicture" declared implicitly
        GUI_ShowPicture(0, 0, 240, 240);  
Users\main.c(70): warning:  #167-D: argument of type "unsigned char *" is incompatible with parameter of type "const char *"
      srclen = strlen(uctest);
Users\main.c: 2 warnings, 0 errors
compiling stm32f10x_it.c...
compiling public.c...
linking...
Program Size: Code=14418 RO-data=119490 RW-data=8624 ZI-data=54560  
FromELF: creating hex file...
".\Obj\project.axf" - 0 Error(s), 5 Warning(s).

<h2>Collection of Component include folders:</h2>
  F:\硬件渗透攻防\嵌入式\开发板\qrcode\0511\barcode\RTE
  C:\Keil_v5\ARM\PACK\Keil\STM32F1xx_DFP\1.1.0\Device\Include

<h2>Collection of Component Files used:</h2>
</pre>
</body>
</html>
